// Jest Snapshot v1, https://goo.gl/fbAQLP

exports[`ToDoList.vue matches snapshot 1`] = `
<div class="todo-input">
  <input placeholder="Take a note" type="text" class="text-field">
  <button disabled="disabled" class="submit-button">+</button>
</div>
`;
